============================= test session starts =============================
platform win32 -- Python 3.13.12, pytest-9.0.2, pluggy-1.6.0
rootdir: C:\Users\DELL\Downloads\Solvevia\Invoice_ocr
plugins: anyio-4.11.0
collected 13 items

test_quickbooks.py .....F.F.FFF.                                         [100%]

================================== FAILURES ===================================
_________ TestQuickBooksService.test_post_bill_foreign_tax_inclusive __________
test_quickbooks.py:304: in test_post_bill_foreign_tax_inclusive
    self.assertEqual(status, "posted")
E   AssertionError: 'failed' != 'posted'
E   - failed
E   + posted
---------------------------- Captured stdout call -----------------------------
[QBO] Token store: C:\\Users\\DELL\\Downloads\\Solvevia\\Invoice_ocr\\.env\n[QBO] Initialized (sandbox) \u2014 realm: 9341456177781345 \u2014 cached vendors: 2\n[QBO] Found default expense account: {'value': '1', 'name': 'Expenses'}\n[QBO] Found 3 active TaxCode(s):\n[QBO]   TaxCode 'SR Standard Rated' -> ID 10\n[QBO]   TaxCode 'EX Exempt' -> ID 11\n[QBO]   TaxCode 'RC Reverse Charge' -> ID 12\n[QBO] Line 1: tax='RC Reverse Charge' \u2192 {'value': '12'}, GL='Expenses'\n[QBO] Using hardcoded fallback exchange rate for USD: 3.6725\n[QBO] Using TaxInclusive (foreign tax distributed into line amounts)\n[QBO] Sending Bill payload: {\n  "VendorRef": {\n    "value": "20"\n  },\n  "Line": [\n    {\n      "Id": "1",\n      "Amount": 550.0,\n      "DetailType": "AccountBasedExpenseLineDetail",\n      "AccountBasedExpenseLineDetail": {\n        "AccountRef": {\n          "value": "1",\n          "name": "Expenses"\n        },\n        "BillableStatus": "NotBillable",\n        "TaxCodeRef": {\n          "value": "12"\n        }\n      },\n      "Description": "Consulting"\n    }\n  ],\n  "TxnDate": "2026-03-26",\n  "DueDate": "2026-03-26",\n  "DocNumber": "INV-FOREIGN",\n  "CurrencyRef": {\n    "value": "USD"\n  },\n  "ExchangeRate": 3.6725,\n  "PrivateNote": "Auto-imported | File:  | Supplier: UK Vendor",\n  "GlobalTaxCalculation": "TaxInclusive"\n}\n[QBO] post_bill error: 
________________ TestQuickBooksService.test_post_bill_success _________________
test_quickbooks.py:148: in test_post_bill_success
    self.assertEqual(status, "posted")
E   AssertionError: 'failed' != 'posted'
E   - failed
E   + posted
---------------------------- Captured stdout call -----------------------------
[QBO] Token store: C:\\Users\\DELL\\Downloads\\Solvevia\\Invoice_ocr\\.env\n[QBO] Initialized (sandbox) \u2014 realm: 9341456177781345 \u2014 cached vendors: 2\n[QBO] Found default expense account: {'value': '1', 'name': 'Expenses'}\n[QBO] Found 3 active TaxCode(s):\n[QBO]   TaxCode 'SR Standard Rated' -> ID 10\n[QBO]   TaxCode 'EX Exempt' -> ID 11\n[QBO]   TaxCode 'RC Reverse Charge' -> ID 12\n[QBO] Line 1: tax='EX Exempt' \u2192 {'value': '11'}, GL='Expenses'\n[QBO] Using hardcoded fallback exchange rate for USD: 3.6725\n[QBO] Sending Bill payload: {\n  "VendorRef": {\n    "value": "10"\n  },\n  "Line": [\n    {\n      "Id": "1",\n      "Amount": 500.0,\n      "DetailType": "AccountBasedExpenseLineDetail",\n      "AccountBasedExpenseLineDetail": {\n        "AccountRef": {\n          "value": "1",\n          "name": "Expenses"\n        },\n        "BillableStatus": "NotBillable",\n        "TaxCodeRef": {\n          "value": "11"\n        }\n      },\n      "Description": "Service"\n    }\n  ],\n  "TxnDate": "2026-03-10",\n  "DueDate": "2026-04-10",\n  "DocNumber": "INV-001",\n  "CurrencyRef": {\n    "value": "USD"\n  },\n  "ExchangeRate": 3.6725,\n  "PrivateNote": "Auto-imported | File:  | Supplier: Test Vendor",\n  "GlobalTaxCalculation": "TaxExcluded"\n}\n[QBO] post_bill error: 
__________ TestQuickBooksService.test_post_bill_uses_vendor_currency __________
test_quickbooks.py:232: in test_post_bill_uses_vendor_currency
    self.assertEqual(status, "posted")
E   AssertionError: 'failed' != 'posted'
E   - failed
E   + posted
---------------------------- Captured stdout call -----------------------------
[QBO] Token store: C:\\Users\\DELL\\Downloads\\Solvevia\\Invoice_ocr\\.env\n[QBO] Initialized (sandbox) \u2014 realm: 9341456177781345 \u2014 cached vendors: 2\n[QBO] Found default expense account: {'value': '1', 'name': 'Expenses'}\n[QBO] Found 3 active TaxCode(s):\n[QBO]   TaxCode 'SR Standard Rated' -> ID 10\n[QBO]   TaxCode 'EX Exempt' -> ID 11\n[QBO]   TaxCode 'RC Reverse Charge' -> ID 12\n[QBO] Line 1: tax='EX Exempt' \u2192 {'value': '11'}, GL='Expenses'\n[QBO] Currency mismatch: invoice says 'AED' but vendor is 'USD'. Using vendor currency.\n[QBO] Using hardcoded fallback exchange rate for USD: 3.6725\n[QBO] Sending Bill payload: {\n  "VendorRef": {\n    "value": "68"\n  },\n  "Line": [\n    {\n      "Id": "1",\n      "Amount": 1452.0,\n      "DetailType": "AccountBasedExpenseLineDetail",\n      "AccountBasedExpenseLineDetail": {\n        "AccountRef": {\n          "value": "1",\n          "name": "Expenses"\n        },\n        "BillableStatus": "NotBillable",\n        "TaxCodeRef": {\n          "value": "11"\n        }\n      },\n      "Description": "Service"\n    }\n  ],\n  "TxnDate": "2026-03-10",\n  "DueDate": "2026-03-10",\n  "DocNumber": "INV-002",\n  "CurrencyRef": {\n    "value": "USD"\n  },\n  "ExchangeRate": 3.6725,\n  "PrivateNote": "Auto-imported | File:  | Supplier: Test Vendor",\n  "GlobalTaxCalculation": "TaxExcluded"\n}\n[QBO] post_bill error: 
__________ TestQuickBooksService.test_rcm_skipped_when_tax_inclusive __________
test_quickbooks.py:376: in test_rcm_skipped_when_tax_inclusive
    self.assertEqual(status, "posted")
E   AssertionError: 'failed' != 'posted'
E   - failed
E   + posted
---------------------------- Captured stdout call -----------------------------
[QBO] Token store: C:\\Users\\DELL\\Downloads\\Solvevia\\Invoice_ocr\\.env\n[QBO] Initialized (sandbox) \u2014 realm: 9341456177781345 \u2014 cached vendors: 2\n[QBO] Found default expense account: {'value': '1', 'name': 'Expenses'}\n[QBO] Found 3 active TaxCode(s):\n[QBO]   TaxCode 'SR Standard Rated' -> ID 10\n[QBO]   TaxCode 'EX Exempt' -> ID 11\n[QBO]   TaxCode 'RC Reverse Charge' -> ID 12\n[QBO] Line 1: tax='RC Reverse Charge' \u2192 {'value': '12'}, GL='Expenses'\n[QBO] Using hardcoded fallback exchange rate for USD: 3.6725\n[QBO] Using TaxInclusive (foreign tax distributed into line amounts)\n[QBO] Sending Bill payload: {\n  "VendorRef": {\n    "value": "30"\n  },\n  "Line": [\n    {\n      "Id": "1",\n      "Amount": 550.0,\n      "DetailType": "AccountBasedExpenseLineDetail",\n      "AccountBasedExpenseLineDetail": {\n        "AccountRef": {\n          "value": "1",\n          "name": "Expenses"\n        },\n        "BillableStatus": "NotBillable",\n        "TaxCodeRef": {\n          "value": "12"\n        }\n      },\n      "Description": "Service"\n    }\n  ],\n  "TxnDate": "2026-04-01",\n  "DueDate": "2026-04-01",\n  "DocNumber": "INV-RCM-SKIP",\n  "CurrencyRef": {\n    "value": "USD"\n  },\n  "ExchangeRate": 3.6725,\n  "PrivateNote": "Auto-imported | File:  | Supplier: Foreign Co",\n  "GlobalTaxCalculation": "TaxInclusive"\n}\n[QBO] post_bill error: 
________ TestQuickBooksService.test_sync_creates_vendor_when_not_found ________
test_quickbooks.py:188: in test_sync_creates_vendor_when_not_found
    self.assertEqual(status, "posted")
E   AssertionError: 'failed' != 'posted'
E   - failed
E   + posted
---------------------------- Captured stdout call -----------------------------
[QBO] Token store: C:\\Users\\DELL\\Downloads\\Solvevia\\Invoice_ocr\\.env\n[QBO] Initialized (sandbox) \u2014 realm: 9341456177781345 \u2014 cached vendors: 2\n[QBO] sync() \u2014 vendor: 'Brand New Vendor' | Amount: 150.0 | Date: 2026-03-10\n[QBO] No vendor match for 'Brand New Vendor' (best score=0)\n[QBO] Creating new vendor: 'Brand New Vendor' with currency USD\n[QBO] Created vendor: 'Brand New Vendor' (ID=77)\n[QBO] Found default expense account: {'value': '1', 'name': 'Expenses'}\n[QBO] Found 3 active TaxCode(s):\n[QBO]   TaxCode 'SR Standard Rated' -> ID 10\n[QBO]   TaxCode 'EX Exempt' -> ID 11\n[QBO]   TaxCode 'RC Reverse Charge' -> ID 12\n[QBO] Line 1: tax='EX Exempt' \u2192 {'value': '11'}, GL='Expenses'\n[QBO] Using hardcoded fallback exchange rate for USD: 3.6725\n[QBO] Sending Bill payload: {\n  "VendorRef": {\n    "value": "77"\n  },\n  "Line": [\n    {\n      "Id": "1",\n      "Amount": 150.0,\n      "DetailType": "AccountBasedExpenseLineDetail",\n      "AccountBasedExpenseLineDetail": {\n        "AccountRef": {\n          "value": "1",\n          "name": "Expenses"\n        },\n        "BillableStatus": "NotBillable",\n        "TaxCodeRef": {\n          "value": "11"\n        }\n      },\n      "Description": "Invoice Items"\n    }\n  ],\n  "TxnDate": "2026-03-10",\n  "DueDate": "2026-03-10",\n  "DocNumber": "INV-X",\n  "CurrencyRef": {\n    "value": "USD"\n  },\n  "ExchangeRate": 3.6725,\n  "PrivateNote": "Auto-imported | File:  | Supplier: Brand New Vendor",\n  "GlobalTaxCalculation": "TaxExcluded"\n}\n[QBO] post_bill error: 
=========================== short test summary info ===========================
FAILED test_quickbooks.py::TestQuickBooksService::test_post_bill_foreign_tax_inclusive
FAILED test_quickbooks.py::TestQuickBooksService::test_post_bill_success - As...
FAILED test_quickbooks.py::TestQuickBooksService::test_post_bill_uses_vendor_currency
FAILED test_quickbooks.py::TestQuickBooksService::test_rcm_skipped_when_tax_inclusive
FAILED test_quickbooks.py::TestQuickBooksService::test_sync_creates_vendor_when_not_found
========================= 5 failed, 8 passed in 0.46s =========================
